OpenJDK 64-Bit Server VM (25.131-b11) for linux-amd64 JRE (1.8.0_131-8u131-b11-2ubuntu1.17.04.3-b11), built on Jul 27 2017 21:26:44 by "buildd" with gcc 6.3.0 20170406
Memory: 4k page, physical 32581040k(30265292k free), swap 1046520k(1046520k free)
CommandLine flags: -XX:InitialHeapSize=4294967296 -XX:MaxHeapSize=8589934592 -XX:+PrintGC -XX:+PrintGCDetails -XX:+PrintGCTimeStamps -XX:+UseCompressedClassPointers -XX:+UseCompressedOops -XX:+UseParallelGC 
0.807: [GC (Metadata GC Threshold) [PSYoungGen: 356517K->154882K(1223168K)] 356517K->154989K(4019712K), 0.0727061 secs] [Times: user=0.20 sys=0.36, real=0.07 secs] 
0.880: [Full GC (Metadata GC Threshold) [PSYoungGen: 154882K->0K(1223168K)] [ParOldGen: 107K->153899K(2796544K)] 154989K->153899K(4019712K), [Metaspace: 20853K->20853K(1067008K)], 0.0932929 secs] [Times: user=0.64 sys=0.01, real=0.09 secs] 
1.811: [GC (Metadata GC Threshold) [PSYoungGen: 304231K->43187K(1482240K)] 458131K->197095K(4278784K), 0.0306451 secs] [Times: user=0.17 sys=0.03, real=0.03 secs] 
1.842: [Full GC (Metadata GC Threshold) [PSYoungGen: 43187K->0K(1482240K)] [ParOldGen: 153907K->188202K(2815488K)] 197095K->188202K(4297728K), [Metaspace: 35009K->35009K(1079296K)], 0.0915483 secs] [Times: user=0.59 sys=0.00, real=0.09 secs] 
4.784: [GC (Allocation Failure) [PSYoungGen: 1438720K->166206K(2040320K)] 1626922K->354416K(4855808K), 0.0309876 secs] [Times: user=0.18 sys=0.03, real=0.02 secs] 
6.337: [GC (Allocation Failure) [PSYoungGen: 2040126K->139746K(2097664K)] 2228336K->658376K(4913152K), 0.0804754 secs] [Times: user=0.55 sys=0.05, real=0.08 secs] 
8.407: [GC (Allocation Failure) [PSYoungGen: 2097634K->174586K(2132480K)] 2616264K->731226K(4947968K), 0.0506021 secs] [Times: user=0.33 sys=0.04, real=0.05 secs] 
9.519: [GC (Allocation Failure) [PSYoungGen: 2132474K->210548K(2401280K)] 2689114K->767196K(5216768K), 0.0693641 secs] [Times: user=0.23 sys=0.31, real=0.07 secs] 
10.994: [GC (Allocation Failure) [PSYoungGen: 2182772K->276970K(2366976K)] 2739420K->833626K(5182464K), 0.0473547 secs] [Times: user=0.31 sys=0.00, real=0.05 secs] 
14.683: [GC (Allocation Failure) [PSYoungGen: 2249194K->158727K(2384896K)] 2805850K->715391K(5200384K), 0.0367667 secs] [Times: user=0.29 sys=0.00, real=0.04 secs] 
18.293: [GC (Allocation Failure) [PSYoungGen: 2141191K->392185K(2374656K)] 2697855K->1923254K(5190144K), 0.5413224 secs] [Times: user=1.73 sys=2.56, real=0.54 secs] 
20.308: [GC (Allocation Failure) [PSYoungGen: 2374649K->394432K(1598464K)] 3905718K->1925510K(4413952K), 0.1299008 secs] [Times: user=0.50 sys=0.46, real=0.13 secs] 
21.316: [GC (Allocation Failure) [PSYoungGen: 1571520K->394098K(1986560K)] 3102598K->1925183K(4802048K), 0.0677228 secs] [Times: user=0.51 sys=0.00, real=0.07 secs] 
22.258: [GC (Allocation Failure) [PSYoungGen: 1571186K->394266K(1905152K)] 3102271K->1925352K(4720640K), 0.0700279 secs] [Times: user=0.50 sys=0.00, real=0.07 secs] 
23.223: [GC (Allocation Failure) [PSYoungGen: 1599514K->394298K(1959936K)] 3130600K->1925384K(4775424K), 0.0682736 secs] [Times: user=0.51 sys=0.00, real=0.07 secs] 
24.186: [GC (Allocation Failure) [PSYoungGen: 1599546K->394338K(1969152K)] 3130632K->1925423K(4784640K), 0.0673366 secs] [Times: user=0.52 sys=0.00, real=0.06 secs] 
25.226: [GC (Allocation Failure) [PSYoungGen: 1706082K->394377K(2017792K)] 3237167K->1925463K(4833280K), 0.0676017 secs] [Times: user=0.51 sys=0.00, real=0.06 secs] 
26.251: [GC (Allocation Failure) [PSYoungGen: 1706121K->394426K(2025984K)] 3237207K->1925512K(4841472K), 0.0680815 secs] [Times: user=0.51 sys=0.00, real=0.07 secs] 
27.351: [GC (Allocation Failure) [PSYoungGen: 1800378K->394448K(2068992K)] 3331464K->1925534K(4884480K), 0.0685773 secs] [Times: user=0.51 sys=0.00, real=0.07 secs] 
28.449: [GC (Allocation Failure) [PSYoungGen: 1800400K->378674K(2064896K)] 3331486K->1925740K(4880384K), 0.0690789 secs] [Times: user=0.51 sys=0.00, real=0.07 secs] 
29.617: [GC (Allocation Failure) [PSYoungGen: 1868594K->367938K(2108928K)] 3415660K->1926016K(4924416K), 0.0630543 secs] [Times: user=0.49 sys=0.00, real=0.06 secs] 
30.805: [GC (Allocation Failure) [PSYoungGen: 1857858K->332388K(2125312K)] 3415936K->1926313K(4940800K), 0.0621338 secs] [Times: user=0.45 sys=0.01, real=0.06 secs] 
32.016: [GC (Allocation Failure) [PSYoungGen: 1914468K->292836K(2161152K)] 3508393K->1926672K(4976640K), 0.0582272 secs] [Times: user=0.38 sys=0.04, real=0.05 secs] 
33.234: [GC (Allocation Failure) [PSYoungGen: 1874916K->261807K(2200064K)] 3508752K->1926927K(5015552K), 0.0510393 secs] [Times: user=0.37 sys=0.00, real=0.06 secs] 
34.478: [GC (Allocation Failure) [PSYoungGen: 1908399K->241090K(2212864K)] 3573519K->1927116K(5028352K), 0.0417200 secs] [Times: user=0.32 sys=0.00, real=0.04 secs] 
36.127: [GC (System.gc()) [PSYoungGen: 1684090K->64463K(2184704K)] 3370116K->1991196K(5000192K), 0.1203464 secs] [Times: user=0.57 sys=0.38, real=0.12 secs] 
36.248: [Full GC (System.gc()) [PSYoungGen: 64463K->0K(2184704K)] [ParOldGen: 1926733K->1646996K(2815488K)] 1991196K->1646996K(5000192K), [Metaspace: 54282K->54256K(1097728K)], 1.2118481 secs] [Times: user=6.24 sys=0.02, real=1.21 secs] 
600.694: [GC (Allocation Failure) [PSYoungGen: 1621504K->542943K(2164736K)] 3268500K->2189948K(4980224K), 0.1415484 secs] [Times: user=0.86 sys=0.00, real=0.15 secs] 
2262.161: [GC (Allocation Failure) [PSYoungGen: 2164447K->631268K(1938432K)] 3811452K->2333553K(4753920K), 0.2286140 secs] [Times: user=0.83 sys=0.00, real=0.23 secs] 
3910.154: [GC (Allocation Failure) [PSYoungGen: 1938404K->689528K(1996800K)] 3640689K->2391821K(4812288K), 0.2281608 secs] [Times: user=0.88 sys=0.00, real=0.23 secs] 
5821.354: [GC (Allocation Failure) [PSYoungGen: 1996664K->709448K(1801216K)] 3698957K->2411749K(4616704K), 0.2407501 secs] [Times: user=0.89 sys=0.00, real=0.24 secs] 
7244.401: [GC (Allocation Failure) [PSYoungGen: 1711432K->661826K(1664000K)] 3413733K->2364127K(4479488K), 0.2088275 secs] [Times: user=0.86 sys=0.00, real=0.21 secs] 
8752.434: [GC (Allocation Failure) [PSYoungGen: 1663810K->668932K(1864192K)] 3366111K->2371240K(4679680K), 0.2141269 secs] [Times: user=0.85 sys=0.00, real=0.22 secs] 
